2026-05-13 17:28:07 | id=46 | name=Edy S | old=edy.s@setjen.kemhan.go.id | new=edy.s@gmail.com
2026-05-13 17:28:07 | id=47 | name=Ikhwan | old=ikhwan@setjen.kemhan.go.id | new=ikhwan@gmail.com
2026-05-13 17:28:07 | id=48 | name=Marsudi | old=marsudi@setjen.kemhan.go.id | new=marsudi@gmail.com
2026-05-13 17:28:07 | id=49 | name=Tarman | old=tarman@setjen.kemhan.go.id | new=tarman@gmail.com
2026-05-13 17:28:07 | id=50 | name=Joko S | old=joko.s@setjen.kemhan.go.id | new=joko.s@gmail.com
2026-05-13 17:28:07 | id=51 | name=Mer Agus Tinus Calvin | old=mer.agus.tinus.calvin@setjen.kemhan.go.id | new=mer.agus.tinus.calvin@gmail.com
2026-05-13 17:28:07 | id=52 | name=Purwanto | old=purwanto@setjen.kemhan.go.id | new=purwanto@gmail.com
2026-05-13 17:28:07 | id=53 | name=Puput Y | old=puput.y@setjen.kemhan.go.id | new=puput.y@gmail.com
2026-05-13 17:28:07 | id=54 | name=Sigit Permana | old=sigit.permana@setjen.kemhan.go.id | new=sigit.permana@gmail.com
2026-05-13 17:28:07 | id=55 | name=Aminudin | old=aminudin@setjen.kemhan.go.id | new=aminudin@gmail.com
2026-05-13 17:28:07 | id=56 | name=Rusdi | old=rusdi@setjen.kemhan.go.id | new=rusdi@gmail.com
2026-05-13 17:28:07 | id=57 | name=Suhendra | old=suhendra@setjen.kemhan.go.id | new=suhendra@gmail.com
2026-05-13 17:28:07 | id=58 | name=Turimin | old=turimin@setjen.kemhan.go.id | new=turimin@gmail.com
2026-05-13 17:28:07 | id=59 | name=Tukiman | old=tukiman@setjen.kemhan.go.id | new=tukiman@gmail.com
2026-05-13 17:28:07 | id=60 | name=Erik | old=erik@setjen.kemhan.go.id | new=erik@gmail.com
2026-05-13 17:28:07 | id=61 | name=Sophan | old=sophan@setjen.kemhan.go.id | new=sophan@gmail.com
2026-05-13 17:28:07 | id=62 | name=Arie Setiawan | old=arie.setiawan@setjen.kemhan.go.id | new=arie.setiawan@gmail.com
2026-05-13 17:28:07 | id=63 | name=Isak | old=isak@setjen.kemhan.go.id | new=isak@gmail.com
2026-05-13 17:28:07 | id=64 | name=Kodim | old=kodim@setjen.kemhan.go.id | new=kodim@gmail.com
2026-05-13 17:28:07 | id=65 | name=Nemin | old=nemin@setjen.kemhan.go.id | new=nemin@gmail.com
2026-05-13 17:28:07 | id=66 | name=M. Budi S | old=m.budi.s@setjen.kemhan.go.id | new=m.budi.s@gmail.com
2026-05-13 17:28:07 | id=67 | name=Suradi | old=suradi@setjen.kemhan.go.id | new=suradi@gmail.com
2026-05-13 17:28:07 | id=68 | name=Jejen | old=jejen@setjen.kemhan.go.id | new=jejen@gmail.com
2026-05-13 17:28:07 | id=69 | name=Nurfadli | old=nurfadli@setjen.kemhan.go.id | new=nurfadli@gmail.com
2026-05-13 17:28:07 | id=70 | name=Lingga | old=lingga@setjen.kemhan.go.id | new=lingga@gmail.com
2026-05-13 17:28:07 | id=71 | name=Mulyanto | old=mulyanto@setjen.kemhan.go.id | new=mulyanto@gmail.com
2026-05-13 17:28:07 | id=72 | name=Asep R | old=asep.r@setjen.kemhan.go.id | new=asep.r@gmail.com
2026-05-13 17:28:07 | id=73 | name=Parman | old=parman@setjen.kemhan.go.id | new=parman@gmail.com
2026-05-13 17:28:07 | id=74 | name=Didi Sariman | old=didi.sariman@setjen.kemhan.go.id | new=didi.sariman@gmail.com
2026-05-13 17:28:07 | id=75 | name=Ujang Sugiana | old=ujang.sugiana@setjen.kemhan.go.id | new=ujang.sugiana@gmail.com
2026-05-13 17:28:07 | id=76 | name=Budi Utomo | old=budi.utomo@setjen.kemhan.go.id | new=budi.utomo@gmail.com
2026-05-13 17:28:07 | id=77 | name=Yudi Martono | old=yudi.martono@setjen.kemhan.go.id | new=yudi.martono@gmail.com
2026-05-13 17:28:07 | id=78 | name=Mulyadi | old=mulyadi@setjen.kemhan.go.id | new=mulyadi@gmail.com
2026-05-13 17:28:07 | id=79 | name=Totok | old=totok@setjen.kemhan.go.id | new=totok@gmail.com
